<html>
<body>
<pre>
<h1>µVision Build Log</h1>
<h2>Project:</h2>
D:\OneDrive\Drone\stm32f4\KeilC\Accelerometer\accelerometer\MDK-ARM\accelerometer.uvprojx
Project File Date:  05/14/2017

<h2>Output:</h2>
Build target 'accelerometer Configuration'
compiling main.c...
linking...
Program Size: Code=4544 RO-data=440 RW-data=24 ZI-data=1112  
"accelerometer Configuration\accelerometer Configuration.axf" - 0 Error(s), 0 Warning(s).
Load "accelerometer Configuration\\accelerometer Configuration.axf" 
Erase Done.
Programming Done.
Verify OK.
Application running ...
Load "accelerometer Configuration\\accelerometer Configuration.axf" 
Erase Done.
Programming Done.
Verify OK.
Application running ...
</pre>
</body>
</html>
uration\\accelerometer Configuration.axf" 
Erase Done.
Programming Done.
Verify OK.
Application running ...
2f4xx_hal_msp.c...
linking...
Program Size: Code=4552 RO-data=440 RW-data=24 ZI-data=1112  
"accelerometer Configuration\accelerometer Configuration.axf" - 0 Error(s), 0 Warning(s).
Load "accelerometer Configuration\\accelerometer Configuration.axf" 
Erase Done.
Programming Done.
Verify OK.
Application running ...
arget not created
